resources:
- id: v1:Namespace:helloworld
  type: Kubernetes
  attributes:
    apiVersion: v1
    kind: Namespace
    metadata:
      creationTimestamp: null
      name: helloworld
    spec: {}
    status: {}
- id: apps/v1:Deployment:helloworld:helloworld-dev-helloworld
  type: Kubernetes
  attributes:
    apiVersion: apps/v1
    kind: Deployment
    metadata:
      creationTimestamp: null
      labels:
        app.kubernetes.io/name: helloworld
        app.kubernetes.io/part-of: helloworld
        kusion_monitoring_appname: helloworld
      name: helloworld-dev-helloworld
      namespace: helloworld
    spec:
      replicas: 2
      selector:
        matchLabels:
          app.kubernetes.io/name: helloworld
          app.kubernetes.io/part-of: helloworld
      strategy: {}
      template:
        metadata:
          creationTimestamp: null
          labels:
            app.kubernetes.io/name: helloworld
            app.kubernetes.io/part-of: helloworld
            kusion_monitoring_appname: helloworld
        spec:
          containers:
          - env:
            - name: env1
              value: VALUE
            image: nginx:v2
            name: nginx
            resources: {}
    status: {}
  dependsOn:
  - v1:Namespace:helloworld
- id: monitoring.coreos.com/v1:ServiceMonitor:helloworld:helloworld-service-monitor
  type: Kubernetes
  attributes:
    apiVersion: monitoring.coreos.com/v1
    kind: ServiceMonitor
    metadata:
      creationTimestamp: null
      name: helloworld-service-monitor
      namespace: helloworld
    spec:
      endpoints:
      - bearerTokenSecret:
          key: ""
        interval: 30s
        path: /metrics
        port: web
        scheme: http
        scrapeTimeout: 15s
      namespaceSelector: {}
      selector:
        matchLabels:
          kusion_monitoring_appname: helloworld
  dependsOn:
  - v1:Namespace:helloworld
  - apps/v1:Deployment:helloworld:helloworld-dev-helloworld
